> ClassState{
	capacity=1,
	openEnrollments=true,
	enrolled=[],
	discarded=[]
}

> The action completed successfully.

> ClassState{
	capacity=1,
	openEnrollments=true,
	enrolled=[
		Student{
			Id='aluno1000',
			Name='Cristina Ferreira'
		}],
	discarded=[]
}

> 