> ClassState{
	capacity=1,
	openEnrollments=false,
	enrolled=[
		Student{
			Id='aluno1001',
			Name='Manuel Goucha'
		}],
	discarded=[
		Student{
			Id='aluno1000',
			Name='Cristina Ferreira'
		}]
}

> Enrollments are already closed.

> ClassState{
	capacity=1,
	openEnrollments=false,
	enrolled=[
		Student{
			Id='aluno1001',
			Name='Manuel Goucha'
		}],
	discarded=[
		Student{
			Id='aluno1000',
			Name='Cristina Ferreira'
		}]
}

> 